[2026-09-01T03:38:43+02:00] TO=resident@ecobin.test | SUBJECT=EcoBin: Recycling submission approved | Your recycling submission was approved and points were awarded.This is an automated message from EcoBin Smart Waste Management.
[2026-09-01T03:43:28+02:00] TO=resident@ecobin.test | SUBJECT=EcoBin: Recycling submission approved | Your recycling submission was approved and points were awarded.This is an automated message from EcoBin Smart Waste Management.
[2026-09-01T03:43:42+02:00] TO=resident@ecobin.test | SUBJECT=EcoBin: Reward redemption confirmed | Your reward redemption has been processed.This is an automated message from EcoBin Smart Waste Management.
[2026-09-01T03:45:06+02:00] TO=resident@ecobin.test | SUBJECT=EcoBin: Recycling appointment update | Your recycling appointment is now Confirmed.This is an automated message from EcoBin Smart Waste Management.
[2026-09-02T08:15:53+02:00] TO=resident@ecobin.test | SUBJECT=EcoBin: Your collection has been scheduled | Your waste collection has been scheduled.This is an automated message from EcoBin Smart Waste Management.
[2026-09-02T08:15:59+02:00] TO=resident@ecobin.test | SUBJECT=EcoBin: Your collection has been scheduled | Your waste collection has been scheduled.This is an automated message from EcoBin Smart Waste Management.
[2026-09-05T00:14:12+02:00] TO=resident@ecobin.test | SUBJECT=EcoBin: Your collection has been scheduled | Your waste collection has been scheduled.This is an automated message from EcoBin Smart Waste Management.
[2026-09-05T00:17:38+02:00] TO=resident@ecobin.test | SUBJECT=EcoBin: Your collection is complete | Your waste collection has been completed.This is an automated message from EcoBin Smart Waste Management.
[2026-09-05T05:23:33+02:00] TO=resident@ecobin.test | SUBJECT=EcoBin: Your collection has been scheduled | Your waste collection has been scheduled.This is an automated message from EcoBin Smart Waste Management.
[2026-09-06T04:21:07+02:00] TO=resident@ecobin.test | SUBJECT=EcoBin: Your collection is complete | Your waste collection has been completed.This is an automated message from EcoBin Smart Waste Management.
[2026-09-06T06:55:30+02:00] TO=resident@ecobin.test | SUBJECT=EcoBin: Your collection has been scheduled | Your waste collection has been scheduled.This is an automated message from EcoBin Smart Waste Management.
[2026-09-06T06:55:59+02:00] TO=resident@ecobin.test | SUBJECT=EcoBin: Your collection is complete | Your waste collection has been completed.This is an automated message from EcoBin Smart Waste Management.
[2026-09-06T06:58:41+02:00] TO=resident@ecobin.test | SUBJECT=EcoBin: Recycling appointment update | Your recycling appointment is now Confirmed.This is an automated message from EcoBin Smart Waste Management.
[2026-09-06T06:58:46+02:00] TO=resident@ecobin.test | SUBJECT=EcoBin: Recycling appointment update | Your recycling appointment is now Completed.This is an automated message from EcoBin Smart Waste Management.
[2026-09-06T06:58:50+02:00] TO=resident@ecobin.test | SUBJECT=EcoBin: Recycling submission approved | Your recycling submission was approved and points were awarded.This is an automated message from EcoBin Smart Waste Management.
[2026-09-06T06:59:13+02:00] TO=resident@ecobin.test | SUBJECT=EcoBin: Recycling appointment update | Your recycling appointment is now Confirmed.This is an automated message from EcoBin Smart Waste Management.
[2026-09-06T06:59:15+02:00] TO=resident@ecobin.test | SUBJECT=EcoBin: Recycling appointment update | Your recycling appointment is now Confirmed.This is an automated message from EcoBin Smart Waste Management.
[2026-09-06T06:59:17+02:00] TO=resident@ecobin.test | SUBJECT=EcoBin: Recycling appointment update | Your recycling appointment is now Completed.This is an automated message from EcoBin Smart Waste Management.
[2026-09-06T06:59:19+02:00] TO=resident@ecobin.test | SUBJECT=EcoBin: Recycling appointment update | Your recycling appointment is now Completed.This is an automated message from EcoBin Smart Waste Management.
[2026-09-06T06:59:22+02:00] TO=resident@ecobin.test | SUBJECT=EcoBin: Recycling appointment update | Your recycling appointment is now Cancelled.This is an automated message from EcoBin Smart Waste Management.
[2026-09-06T06:59:24+02:00] TO=resident@ecobin.test | SUBJECT=EcoBin: Recycling appointment update | Your recycling appointment is now Completed.This is an automated message from EcoBin Smart Waste Management.
[2026-09-06T07:38:08+02:00] TO=resident@ecobin.test | SUBJECT=EcoBin: Recycling appointment update | Your recycling appointment on 2026-09-08 13:35 is now Confirmed.This is an automated message from EcoBin Smart Waste Management.
[2026-09-06T07:38:12+02:00] TO=resident@ecobin.test | SUBJECT=EcoBin: Recycling appointment update | Your recycling appointment on 2026-09-08 13:35 is now Cancelled.This is an automated message from EcoBin Smart Waste Management.
[2026-09-06T07:43:51+02:00] TO=resident@ecobin.test | SUBJECT=EcoBin: Recycling submission approved | Your recycling submission was approved and points were awarded.This is an automated message from EcoBin Smart Waste Management.
[2026-09-06T07:55:51+02:00] TO=resident@ecobin.test | SUBJECT=EcoBin: Reward redemption confirmed | Your reward redemption has been processed.This is an automated message from EcoBin Smart Waste Management.
[2026-09-06T07:55:51+02:00] TO=resident@ecobin.test | SUBJECT=EcoBin: Reward redemption receipt | Dear Demo Resident,You successfully redeemed 500 points for "$5 Shopping Voucher".Your updated reward balance is: 450 points.Thank you for recycling with EcoBin!
[2026-09-06T07:59:39+02:00] TO=resident@ecobin.test | SUBJECT=Web Service Verification Receipt | Verifying web service invocation for voucher redemption receipt.
[2026-09-06T11:12:46+02:00] TO=resident@ecobin.test | SUBJECT=EcoBin: Recycling submission approved | Your recycling submission was approved and points were awarded.This is an automated message from EcoBin Smart Waste Management.
[2026-09-06T11:12:50+02:00] TO=resident@ecobin.test | SUBJECT=EcoBin: Recycling submission approved | Your recycling submission was approved and points were awarded.This is an automated message from EcoBin Smart Waste Management.
